// Jest Snapshot v1, https://goo.gl/fbAQLP

exports[`renders the component with a specified span type 1`] = `"no key was set"`;

exports[`renders the component with a specified span type and class 1`] = `"no key was set"`;

exports[`renders the component with no props or content 1`] = `"no key was set"`;
